// Jest Snapshot v1, https://goo.gl/fbAQLP

exports[`CardContainer snapshot test 1`] = `undefined`;
